[transformers] `torch_dtype` is deprecated! Use `dtype` instead!
[1/3] Đã đọc 100 mẫu từ sample-metadata.jsonl
[2/3] Đang tải models/PhoWhisper-medium lên cuda (dtype=torch.float16) ...
Loading weights:   0%|          | 0/948 [00:00<?, ?it/s]Loading weights:  66%|██████▌   | 628/948 [00:00<00:00, 6279.48it/s]Loading weights: 100%|██████████| 948/948 [00:00<00:00, 3946.02it/s]
[transformers] Passing `generation_config` together with generation-related arguments=({'suppress_tokens', 'begin_suppress_tokens'}) is deprecated and will be removed in future versions. Please pass either a `generation_config` object OR all generation parameters explicitly, but not both.
[transformers] Both `max_new_tokens` (=225) and `max_length`(=448) seem to have been set. `max_new_tokens` will take precedence. Please refer to the documentation for more information. (https://huggingface.co/docs/transformers/main/en/main_classes/text_generation)
[transformers] Ignoring clean_up_tokenization_spaces=True for BPE tokenizer WhisperTokenizer. The clean_up_tokenization post-processing step is designed for WordPiece tokenizers and is destructive for BPE (it strips spaces before punctuation). Set clean_up_tokenization_spaces=False to suppress this warning, or set clean_up_tokenization_spaces_for_bpe_even_though_it_will_corrupt_output=True to force cleanup anyway.
[transformers] Both `max_new_tokens` (=225) and `max_length`(=448) seem to have been set. `max_new_tokens` will take precedence. Please refer to the documentation for more information. (https://huggingface.co/docs/transformers/main/en/main_classes/text_generation)
[transformers] Both `max_new_tokens` (=225) and `max_length`(=448) seem to have been set. `max_new_tokens` will take precedence. Please refer to the documentation for more information. (https://huggingface.co/docs/transformers/main/en/main_classes/text_generation)
[transformers] Both `max_new_tokens` (=225) and `max_length`(=448) seem to have been set. `max_new_tokens` will take precedence. Please refer to the documentation for more information. (https://huggingface.co/docs/transformers/main/en/main_classes/text_generation)
[transformers] Both `max_new_tokens` (=225) and `max_length`(=448) seem to have been set. `max_new_tokens` will take precedence. Please refer to the documentation for more information. (https://huggingface.co/docs/transformers/main/en/main_classes/text_generation)
[transformers] Both `max_new_tokens` (=225) and `max_length`(=448) seem to have been set. `max_new_tokens` will take precedence. Please refer to the documentation for more information. (https://huggingface.co/docs/transformers/main/en/main_classes/text_generation)
[transformers] Both `max_new_tokens` (=225) and `max_length`(=448) seem to have been set. `max_new_tokens` will take precedence. Please refer to the documentation for more information. (https://huggingface.co/docs/transformers/main/en/main_classes/text_generation)
[transformers] Both `max_new_tokens` (=225) and `max_length`(=448) seem to have been set. `max_new_tokens` will take precedence. Please refer to the documentation for more information. (https://huggingface.co/docs/transformers/main/en/main_classes/text_generation)
[transformers] Both `max_new_tokens` (=225) and `max_length`(=448) seem to have been set. `max_new_tokens` will take precedence. Please refer to the documentation for more information. (https://huggingface.co/docs/transformers/main/en/main_classes/text_generation)
[transformers] Both `max_new_tokens` (=225) and `max_length`(=448) seem to have been set. `max_new_tokens` will take precedence. Please refer to the documentation for more information. (https://huggingface.co/docs/transformers/main/en/main_classes/text_generation)
[transformers] Both `max_new_tokens` (=225) and `max_length`(=448) seem to have been set. `max_new_tokens` will take precedence. Please refer to the documentation for more information. (https://huggingface.co/docs/transformers/main/en/main_classes/text_generation)
[transformers] Both `max_new_tokens` (=225) and `max_length`(=448) seem to have been set. `max_new_tokens` will take precedence. Please refer to the documentation for more information. (https://huggingface.co/docs/transformers/main/en/main_classes/text_generation)
[transformers] Both `max_new_tokens` (=225) and `max_length`(=448) seem to have been set. `max_new_tokens` will take precedence. Please refer to the documentation for more information. (https://huggingface.co/docs/transformers/main/en/main_classes/text_generation)
[3/3] Đang chạy nhận dạng ...
      8/100 ...      16/100 ...      24/100 ...      32/100 ...      40/100 ...      48/100 ...      56/100 ...      64/100 ...      72/100 ...      80/100 ...      88/100 ...      96/100 ...      100/100 ...
      Hoàn tất trong 10.8s (0.11s/câu)
      Đã ghi /home/hieu/Work/Learning.UIT/VoDoCo/experiments/001-zeroshot-correction-vietmed/outputs/asr-hypotheses.jsonl

--- 3 ví dụ đầu ---
  GỐC : thưa quý vị thuyên tắc huyết khối tĩnh mạch là căn bệnh có rất ít dấu hiệu cảnh báo bệnh nguy hiểm nếu không được
  ASR : vừa rồi thưa quý vị thuyên tắc huyết khối tĩnh mạch là căn bệnh có rất ít dấu hiệu cảnh báo bệnh nguy hiểm nếu không được phát hiện.

  GỐC : giờ xin mời quý vị đang theo dõi chương trình có thể lắng nghe kỹ hơn cũng như là gửi câu trả lời này của bác sĩ nghe
  ASR : quý vị đang theo dõi chương trình có thể lắng nghe kỹ hơn cũng như là gửi câu trả lời này của bác sĩ nghe sau đây.

  GỐC : đến tạo hình thẩm mỹ cho khách hàng thưa quý vị với các lợi thế về phát triển du
  ASR : liên quan đến tạo hình thẩm mỹ cho khách hàng thưa quý vị với các lợi thế về phát triển dài.

